se.kth.castor:depclean-maven-plugin:maven-plugin:2.0.2-SNAPSHOT
+- se.kth.castor:depclean-core:jar:2.0.2-SNAPSHOT:compile
|  +- org.ow2.asm:asm:jar:9.1:compile
|  +- org.codehaus.plexus:plexus-component-annotations:jar:2.0.0:compile
|  +- org.codehaus.plexus:plexus-utils:jar:3.3.0:compile
|  +- (org.apache.maven:maven-core:jar:3.6.2:compile - omitted for conflict with 3.6.0)
|  +- org.jgrapht:jgrapht-core:jar:1.3.0:compile
|  |  \- org.jheaps:jheaps:jar:0.9:compile
|  +- org.jetbrains:annotations:jar:17.0.0:compile
|  +- (org.slf4j:slf4j-api:jar:2.0.0-alpha1:compile - omitted for duplicate)
|  \- (org.slf4j:slf4j-log4j12:jar:1.8.0-beta4:compile - omitted for duplicate)
+- org.apache.maven:maven-core:jar:3.6.0:compile
|  +- org.apache.maven:maven-model:jar:3.6.0:compile
|  |  \- (org.codehaus.plexus:plexus-utils:jar:3.1.0:compile - omitted for conflict with 3.3.0)
|  +- org.apache.maven:maven-settings:jar:3.6.0:compile
|  |  \- (org.codehaus.plexus:plexus-utils:jar:3.1.0:compile - omitted for conflict with 3.3.0)
|  +- org.apache.maven:maven-settings-builder:jar:3.6.0:compile
|  |  +- (org.apache.maven:maven-builder-support:jar:3.6.0:compile - omitted for duplicate)
|  |  +- (org.codehaus.plexus:plexus-utils:jar:3.1.0:compile - omitted for conflict with 3.3.0)
|  |  +- (org.codehaus.plexus:plexus-interpolation:jar:1.25:compile - omitted for conflict with 1.1)
|  |  +- (org.codehaus.plexus:plexus-component-annotations:jar:1.7.1:compile - omitted for conflict with 2.0.0)
|  |  +- (org.apache.maven:maven-settings:jar:3.6.0:compile - omitted for duplicate)
|  |  \- org.sonatype.plexus:plexus-sec-dispatcher:jar:1.4:compile
|  |     +- (org.codehaus.plexus:plexus-utils:jar:1.5.5:compile - omitted for conflict with 3.3.0)
|  |     \- org.sonatype.plexus:plexus-cipher:jar:1.4:compile
|  +- org.apache.maven:maven-builder-support:jar:3.6.0:compile
|  +- org.apache.maven:maven-repository-metadata:jar:3.6.0:compile
|  |  \- (org.codehaus.plexus:plexus-utils:jar:3.1.0:compile - omitted for conflict with 3.3.0)
|  +- org.apache.maven:maven-artifact:jar:3.6.0:compile
|  |  +- (org.codehaus.plexus:plexus-utils:jar:3.1.0:compile - omitted for conflict with 3.3.0)
|  |  \- (org.apache.commons:commons-lang3:jar:3.8.1:compile - omitted for duplicate)
|  +- (org.apache.maven:maven-plugin-api:jar:3.6.0:compile - omitted for duplicate)
|  +- org.apache.maven:maven-model-builder:jar:3.6.0:compile
|  |  +- (org.codehaus.plexus:plexus-utils:jar:3.1.0:compile - omitted for conflict with 3.3.0)
|  |  +- (org.codehaus.plexus:plexus-interpolation:jar:1.25:compile - omitted for duplicate)
|  |  +- (org.codehaus.plexus:plexus-component-annotations:jar:1.7.1:compile - omitted for conflict with 2.0.0)
|  |  +- (org.apache.maven:maven-model:jar:3.6.0:compile - omitted for duplicate)
|  |  +- (org.apache.maven:maven-artifact:jar:3.6.0:compile - omitted for duplicate)
|  |  \- (org.apache.maven:maven-builder-support:jar:3.6.0:compile - omitted for duplicate)
|  +- org.apache.maven:maven-resolver-provider:jar:3.6.0:compile
|  |  +- (org.apache.maven:maven-model:jar:3.6.0:compile - omitted for duplicate)
|  |  +- (org.apache.maven:maven-model-builder:jar:3.6.0:compile - omitted for duplicate)
|  |  +- (org.apache.maven:maven-repository-metadata:jar:3.6.0:compile - omitted for duplicate)
|  |  +- (org.apache.maven.resolver:maven-resolver-api:jar:1.3.1:compile - omitted for duplicate)
|  |  +- (org.apache.maven.resolver:maven-resolver-spi:jar:1.3.1:compile - omitted for duplicate)
|  |  +- (org.apache.maven.resolver:maven-resolver-util:jar:1.3.1:compile - omitted for duplicate)
|  |  +- (org.apache.maven.resolver:maven-resolver-impl:jar:1.3.1:compile - omitted for duplicate)
|  |  +- (org.codehaus.plexus:plexus-utils:jar:3.1.0:compile - omitted for conflict with 3.3.0)
|  |  +- (javax.inject:javax.inject:jar:1:compile - omitted for duplicate)
|  |  \- (org.slf4j:slf4j-api:jar:1.7.25:compile - omitted for conflict with 2.0.0-alpha1)
|  +- org.apache.maven.resolver:maven-resolver-impl:jar:1.3.1:compile
|  |  +- (org.apache.maven.resolver:maven-resolver-api:jar:1.3.1:compile - omitted for duplicate)
|  |  +- (org.apache.maven.resolver:maven-resolver-spi:jar:1.3.1:compile - omitted for duplicate)
|  |  +- (org.apache.maven.resolver:maven-resolver-util:jar:1.3.1:compile - omitted for duplicate)
|  |  \- (org.slf4j:slf4j-api:jar:1.7.25:compile - omitted for conflict with 2.0.0-alpha1)
|  +- org.apache.maven.resolver:maven-resolver-api:jar:1.3.1:compile
|  +- org.apache.maven.resolver:maven-resolver-spi:jar:1.3.1:compile
|  |  \- (org.apache.maven.resolver:maven-resolver-api:jar:1.3.1:compile - omitted for duplicate)
|  +- org.apache.maven.resolver:maven-resolver-util:jar:1.3.1:compile
|  |  \- (org.apache.maven.resolver:maven-resolver-api:jar:1.3.1:compile - omitted for duplicate)
|  +- org.apache.maven.shared:maven-shared-utils:jar:3.2.1:compile
|  |  \- (commons-io:commons-io:jar:2.5:compile - omitted for duplicate)
|  +- org.eclipse.sisu:org.eclipse.sisu.plexus:jar:0.3.3:compile
|  |  +- javax.enterprise:cdi-api:jar:1.0:compile
|  |  |  +- javax.annotation:jsr250-api:jar:1.0:compile
|  |  |  \- (javax.inject:javax.inject:jar:1:compile - omitted for duplicate)
|  |  +- (org.eclipse.sisu:org.eclipse.sisu.inject:jar:0.3.3:compile - omitted for duplicate)
|  |  +- (org.codehaus.plexus:plexus-component-annotations:jar:1.5.5:compile - omitted for conflict with 2.0.0)
|  |  +- (org.codehaus.plexus:plexus-classworlds:jar:2.5.2:compile - omitted for duplicate)
|  |  \- (org.codehaus.plexus:plexus-utils:jar:3.0.17:compile - omitted for conflict with 3.3.0)
|  +- org.eclipse.sisu:org.eclipse.sisu.inject:jar:0.3.3:compile
|  +- com.google.inject:guice:jar:no_aop:4.2.1:compile
|  |  +- (javax.inject:javax.inject:jar:1:compile - omitted for duplicate)
|  |  +- aopalliance:aopalliance:jar:1.0:compile
|  |  \- com.google.guava:guava:jar:25.1-android:compile
|  |     +- com.google.code.findbugs:jsr305:jar:3.0.2:compile
|  |     +- org.checkerframework:checker-compat-qual:jar:2.0.0:compile
|  |     +- com.google.errorprone:error_prone_annotations:jar:2.1.3:compile
|  |     +- com.google.j2objc:j2objc-annotations:jar:1.1:compile
|  |     \- org.codehaus.mojo:animal-sniffer-annotations:jar:1.14:compile
|  +- javax.inject:javax.inject:jar:1:compile
|  +- (org.codehaus.plexus:plexus-utils:jar:3.1.0:compile - omitted for conflict with 3.3.0)
|  +- org.codehaus.plexus:plexus-classworlds:jar:2.5.2:compile
|  +- (org.codehaus.plexus:plexus-component-annotations:jar:1.7.1:compile - omitted for conflict with 2.0.0)
|  \- org.apache.commons:commons-lang3:jar:3.8.1:compile
+- org.apache.maven:maven-plugin-api:jar:3.6.0:compile
|  +- (org.apache.maven:maven-model:jar:3.6.0:compile - omitted for duplicate)
|  +- (org.apache.maven:maven-artifact:jar:3.6.0:compile - omitted for duplicate)
|  +- (org.eclipse.sisu:org.eclipse.sisu.plexus:jar:0.3.3:compile - omitted for duplicate)
|  +- (org.codehaus.plexus:plexus-utils:jar:3.1.0:compile - omitted for conflict with 3.3.0)
|  \- (org.codehaus.plexus:plexus-classworlds:jar:2.5.2:compile - omitted for duplicate)
+- org.apache.maven:maven-project:jar:3.0-alpha-2:compile
|  +- (org.apache.maven:maven-model:jar:3.0-alpha-2:compile - omitted for conflict with 3.6.0)
|  +- (org.codehaus.plexus:plexus-utils:jar:1.5.6:compile - omitted for conflict with 3.3.0)
|  +- org.codehaus.plexus:plexus-interpolation:jar:1.1:compile
|  +- org.apache.maven:maven-compat:jar:3.0-alpha-2:compile
|  |  +- (org.apache.maven:maven-model:jar:3.0-alpha-2:compile - omitted for conflict with 3.6.0)
|  |  +- (org.codehaus.plexus:plexus-container-default:jar:1.0-beta-3.0.5:compile - omitted for duplicate)
|  |  +- (org.codehaus.plexus:plexus-component-annotations:jar:1.0-beta-3.0.5:compile - omitted for conflict with 2.0.0)
|  |  \- org.apache.maven.wagon:wagon-provider-api:jar:1.0-beta-4:compile
|  |     \- (org.codehaus.plexus:plexus-utils:jar:1.4.2:compile - omitted for conflict with 3.3.0)
|  +- org.codehaus.plexus:plexus-container-default:jar:1.0-beta-3.0.5:compile
|  |  +- (org.codehaus.plexus:plexus-utils:jar:1.4.5:compile - omitted for conflict with 3.3.0)
|  |  +- (org.codehaus.plexus:plexus-classworlds:jar:1.4:compile - omitted for conflict with 2.5.2)
|  |  +- org.apache.xbean:xbean-reflect:jar:3.4:compile
|  |  |  +- (log4j:log4j:jar:1.2.12:compile - omitted for conflict with 1.2.17)
|  |  |  \- commons-logging:commons-logging-api:jar:1.1:compile
|  |  +- com.google.code.google-collections:google-collect:jar:snapshot-20080530:compile
|  |  \- junit:junit:jar:4.13:compile
|  +- org.codehaus.woodstox:wstx-asl:jar:3.2.6:compile
|  |  \- stax:stax-api:jar:1.0.1:compile
|  +- org.sonatype.spice:model-builder:jar:1.3:compile
|  |  +- (org.codehaus.woodstox:wstx-asl:jar:3.2.6:compile - omitted for duplicate)
|  |  \- (stax:stax-api:jar:1.0.1:compile - omitted for duplicate)
|  \- org.apache.maven:maven-project-builder:jar:3.0-alpha-2:compile
|     \- (org.sonatype.spice:model-builder:jar:1.3:compile - omitted for duplicate)
+- org.apache.maven.plugin-tools:maven-plugin-annotations:jar:3.6.0:compile
|  \- (org.apache.maven:maven-artifact:jar:3.0:compile - omitted for conflict with 3.6.0)
+- org.apache.maven.shared:maven-dependency-tree:jar:3.0.1:compile
|  +- (org.codehaus.plexus:plexus-component-annotations:jar:1.6:compile - omitted for conflict with 2.0.0)
|  \- org.eclipse.aether:aether-util:jar:0.9.0.M2:compile
+- commons-io:commons-io:jar:2.5:compile
+- com.google.code.gson:gson:jar:2.8.6:compile
+- org.whitesource:maven-dependency-tree-parser:jar:1.0.6:compile
|  +- commons-lang:commons-lang:jar:2.4:compile
|  \- (commons-io:commons-io:jar:2.0.1:compile - omitted for conflict with 2.5)
+- org.apache.maven.plugin-testing:maven-plugin-testing-tools:jar:3.3.0:compile
|  \- org.apache.maven.shared:maven-invoker:jar:2.0.11:compile
|     \- (org.codehaus.plexus:plexus-utils:jar:1.5.6:compile - omitted for conflict with 3.3.0)
+- com.soebes.itf.jupiter.extension:itf-extension-maven:jar:0.9.0:test
|  +- (org.apache.maven:maven-model:jar:3.1.0:test - omitted for conflict with 3.6.0)
|  +- org.apiguardian:apiguardian-api:jar:1.1.0:test
|  \- org.junit.platform:junit-platform-commons:jar:1.6.2:test
|     \- (org.apiguardian:apiguardian-api:jar:1.1.0:test - omitted for duplicate)
+- com.soebes.itf.jupiter.extension:itf-assertj:jar:0.9.0:test
|  +- (com.soebes.itf.jupiter.extension:itf-extension-maven:jar:0.9.0:test - omitted for duplicate)
|  \- (org.assertj:assertj-core:jar:3.16.1:test - omitted for conflict with 3.19.0)
+- com.soebes.itf.jupiter.extension:itf-jupiter-extension:jar:0.9.0:test
|  +- (com.soebes.itf.jupiter.extension:itf-extension-maven:jar:0.9.0:test - omitted for duplicate)
|  +- (org.junit.jupiter:junit-jupiter-api:jar:5.6.2:test - omitted for duplicate)
|  +- (org.apache.maven:maven-model:jar:3.1.0:test - omitted for conflict with 3.6.0)
|  \- (commons-io:commons-io:jar:2.6:test - omitted for conflict with 2.5)
+- org.assertj:assertj-core:jar:3.19.0:test
+- org.projectlombok:lombok:jar:1.18.16:provided
+- org.slf4j:slf4j-api:jar:2.0.0-alpha1:compile
+- org.slf4j:slf4j-log4j12:jar:1.8.0-beta4:compile
|  +- (org.slf4j:slf4j-api:jar:1.8.0-beta4:compile - omitted for conflict with 2.0.0-alpha1)
|  \- log4j:log4j:jar:1.2.17:compile
+- org.junit.jupiter:junit-jupiter-api:jar:5.6.2:test
|  +- (org.apiguardian:apiguardian-api:jar:1.1.0:test - omitted for duplicate)
|  +- org.opentest4j:opentest4j:jar:1.2.0:test
|  \- (org.junit.platform:junit-platform-commons:jar:1.6.2:test - omitted for duplicate)
+- org.junit.jupiter:junit-jupiter-engine:jar:5.6.2:test
|  +- (org.apiguardian:apiguardian-api:jar:1.1.0:test - omitted for duplicate)
|  +- org.junit.platform:junit-platform-engine:jar:1.6.2:test
|  |  +- (org.apiguardian:apiguardian-api:jar:1.1.0:test - omitted for duplicate)
|  |  +- (org.opentest4j:opentest4j:jar:1.2.0:test - omitted for duplicate)
|  |  \- (org.junit.platform:junit-platform-commons:jar:1.6.2:test - omitted for duplicate)
|  \- (org.junit.jupiter:junit-jupiter-api:jar:5.6.2:test - omitted for duplicate)
\- org.junit.vintage:junit-vintage-engine:jar:5.6.2:test
   +- (org.apiguardian:apiguardian-api:jar:1.1.0:test - omitted for duplicate)
   +- (org.junit.platform:junit-platform-engine:jar:1.6.2:test - omitted for duplicate)
   \- (junit:junit:jar:4.13:compile - scope updated from test; omitted for duplicate)
